Ôû▓ Next.js 16.2.6 (Turbopack)
- Environments: .env

  Creating an optimized production build ...
node.exe : 
Au caractère Ligne:1 : 1
+ & "C:\Program 
Files\nodejs/node.exe" 
"C:\Program 
Files\nodejs/node_mo ...
+ ~~~~~~~~~~~~~~~~~~~~~~~~~~~~~~
~~~~~~~~~~~~~~~~~~~~~~~~~~~~~~~~
~~~~~~~
    + CategoryInfo          : N 
   otSpecified: (:String) [],   
  RemoteException
    + FullyQualifiedErrorId : N 
   ativeCommandError
 
> Build error occurred
Error: Turbopack build failed 
with 3 errors:
./src/app/api/admin/inventory/ro
ute.ts:2:1
Export prisma doesn't exist in 
target module
  [90m1 |[0m [36mimport[0m 
{ [33mNextResponse[0m } 
[36mfrom[0m 
[32m'next/server'[0m;
[31m[1m>[0m [90m2 |[0m 
[36mimport[0m { prisma } 
[36mfrom[0m 
[32m'@/lib/prisma'[0m;
  [90m  |[0m [31m[1m^^^^^^^^
^^^^^^^^^^^^^^^^^^^^^^^^^^^^^^[
0m
  [90m3 |[0m
  [90m4 |[0m [36mexport[0m 
[36masync[0m 
[36mfunction[0m 
[33mGET[0m(request: 
[33mRequest[0m) {
  [90m5 |[0m   [36mconst[0m 
{ searchParams } = [36mnew[0m 
[33mURL[0m(request.url);

The export prisma was not found 
in module 
[project]/src/lib/prisma.ts 
[app-route] (ecmascript).
Did you mean to import default?
All exports of the module are 
statically known (It doesn't 
have dynamic exports). So it's 
known statically that the 
requested export doesn't exist.


./src/app/api/client/concierge/r
oute.ts:2:1
Export prisma doesn't exist in 
target module
  [90m1 |[0m [36mimport[0m 
{ [33mNextResponse[0m } 
[36mfrom[0m 
[32m'next/server'[0m;
[31m[1m>[0m [90m2 |[0m 
[36mimport[0m { prisma } 
[36mfrom[0m 
[32m'@/lib/prisma'[0m;
  [90m  |[0m [31m[1m^^^^^^^^
^^^^^^^^^^^^^^^^^^^^^^^^^^^^^^[
0m
  [90m3 |[0m
  [90m4 |[0m [36mexport[0m 
[36masync[0m 
[36mfunction[0m 
[33mGET[0m(request: 
[33mRequest[0m) {
  [90m5 |[0m   [36mconst[0m 
{ searchParams } = [36mnew[0m 
[33mURL[0m(request.url);

The export prisma was not found 
in module 
[project]/src/lib/prisma.ts 
[app-route] (ecmascript).
Did you mean to import default?
All exports of the module are 
statically known (It doesn't 
have dynamic exports). So it's 
known statically that the 
requested export doesn't exist.


./src/app/api/client/data/route.
ts:2:1
Export prisma doesn't exist in 
target module
  [90m1 |[0m [36mimport[0m 
{ [33mNextResponse[0m } 
[36mfrom[0m 
[32m'next/server'[0m;
[31m[1m>[0m [90m2 |[0m 
[36mimport[0m { prisma } 
[36mfrom[0m 
[32m'@/lib/prisma'[0m;
  [90m  |[0m [31m[1m^^^^^^^^
^^^^^^^^^^^^^^^^^^^^^^^^^^^^^^[
0m
  [90m3 |[0m
  [90m4 |[0m [36mexport[0m 
[36masync[0m 
[36mfunction[0m 
[33mGET[0m() {
  [90m5 |[0m   [36mtry[0m {

The export prisma was not found 
in module 
[project]/src/lib/prisma.ts 
[app-route] (ecmascript).
Did you mean to import default?
All exports of the module are 
statically known (It doesn't 
have dynamic exports). So it's 
known statically that the 
requested export doesn't exist.


    at <unknown> (./src/app/api/
admin/inventory/route.ts:2:1)
    at <unknown> (./src/app/api/
client/concierge/route.ts:2:1)
    at <unknown> (./src/app/api/
client/data/route.ts:2:1)
